trained medium_load/full/seed_7
trained medium_load/full/seed_42
trained medium_load/full/seed_1024
trained medium_load/no_queue/seed_7
trained medium_load/no_lifetime/seed_7
trained medium_load/no_queue/seed_1024
trained medium_load/no_lifetime/seed_42
trained medium_load/no_queue/seed_42
trained medium_load/no_lifetime/seed_1024
trained medium_load/no_credit/seed_42
trained medium_load/no_credit/seed_1024
trained medium_load/no_credit/seed_7
trained medium_load/no_packet_context/seed_7
trained medium_load/no_packet_context/seed_42
trained medium_load/flat_critic/seed_7
trained medium_load/flat_critic/seed_42
trained medium_load/flat_critic/seed_1024
trained medium_load/no_packet_context/seed_1024
trained frequent_break/full/seed_7
trained frequent_break/full/seed_42
trained frequent_break/full/seed_1024
trained frequent_break/no_queue/seed_7
trained frequent_break/no_queue/seed_42
trained frequent_break/no_queue/seed_1024
trained frequent_break/no_lifetime/seed_7
trained frequent_break/no_lifetime/seed_42
trained frequent_break/no_lifetime/seed_1024
trained frequent_break/no_credit/seed_7
trained medium_load/no_ppo_protection/seed_42
trained medium_load/no_ppo_protection/seed_1024
trained medium_load/no_ppo_protection/seed_7
trained frequent_break/no_packet_context/seed_7
trained frequent_break/no_credit/seed_1024
trained frequent_break/flat_critic/seed_7
trained frequent_break/flat_critic/seed_42
trained frequent_break/flat_critic/seed_1024
trained frequent_break/no_packet_context/seed_42
trained frequent_break/no_credit/seed_42
trained frequent_break/no_packet_context/seed_1024
trained frequent_break/no_ppo_protection/seed_42
trained frequent_break/no_ppo_protection/seed_7
trained frequent_break/no_ppo_protection/seed_1024
Ablation experiment complete: F:\leo-routing-preliminary-matlab\experiments\ABLATION-FULL
